main          | 	Welcome to Alizarin Tetris (version 1.0.6 - Delay)
main          | 	~~~~~~~~~~~~~~~~~~~~~~~~~~ (Aug 19 2008)
parse_options | Command line arguments parsed.
]0;caca for ncurses[?1049h[1;24r(B[m[4l[?7h[?1h=[?25l[?1000h[39;49mmain          | SDL initialized.
[39;49m[37m[40m[H[2J[34m[40m   .   .   .   .   .   .   .   .   .   .   .   .   .   .   .   .   .   .   .   [2d; (B[0;1m[30m[40mS(B[0m[34m[40m ; (B[0;1m[30m[40mS(B[0m[34m[40m ; (B[0;1m[30m[40mS(B[0m[34m[40m ; (B[0;1m[30m[40mS(B[0m[34m[40m ; (B[0;1m[30m[40mS(B[0m[34m[40m ; (B[0;1m[30m[40mS(B[0m[34m[40m ; (B[0;1m[30m[40mS(B[0m[34m[40m ; (B[0;1m[30m[40mS(B[0m[34m[40m ; (B[0;1m[30m[40mS(B[0m[34m[40m ; (B[0;1m[30m[40mS(B[0m[34m[40m ; (B[0;1m[30m[40mS(B[0m[34m[40m ; (B[0;1m[30m[40mS(B[0m[34m[40m ; (B[0;1m[30m[40mS(B[0m[34m[40m ; (B[0;1m[30m[40mS(B[0m[34m[40m ; (B[0;1m[30m[40mS(B[0m[34m[40m ; (B[0;1m[30m[40mS(B[0m[34m[40m ; (B[0;1m[30m[40mS(B[0m[34m[40m ; (B[0;1m[30m[40mS(B[0m[34m[40m ; (B[0;1m[30m[40mS(B[0m[34m[40m ; (B[0;1m[30m[40mS[3d(B[0m[34m[40m : . : . : . : . : . : . : . : . : . : . : . : . : . : . : . : . : . : . : . : [4d(B[0;1m[30m[40mX(B[0m[34m[40m ; (B[0;1m[30m[40mX(B[0m[34m[40m ; (B[0;1m[30m[40mX(B[0m[34m[40m ; (B[0;1m[30m[40mX(B[0m[34m[40m ; (B[0;1m[30m[40mX(B[0m[34m[40m ; (B[0;1m[30m[40mX(B[0m[34m[40m ; (B[0;1m[30m[40mX(B[0m[34m[40m ; (B[0;1m[30m[40mX(B[0m[34m[40m ; (B[0;1m[30m[40mX(B[0m[34m[40m ; (B[0;1m[30m[40mX(B[0m[34m[40m ; (B[0;1m[30m[40mX(B[0m[34m[40m ; (B[0;1m[30m[40mX(B[0m[34m[40m ; (B[0;1m[30m[40mX(B[0m[34m[40m ; (B[0;1m[30m[40mX(B[0m[34m[40m ; (B[0;1m[30m[40mX(B[0m[34m[40m ; (B[0;1m[30m[40mX(B[0m[34m[40m ; (B[0;1m[30m[40mX(B[0m[34m[40m ; (B[0;1m[30m[40mX(B[0m[34m[40m ; (B[0;1m[30m[40mX(B[0m[34m[40m ; (B[0;1m[30m[40mX(B[0m[34m[40m ;[5d   .   .   .   .   .   .   .   .   .   .   .   .   .   .   .   .   .   .   .   [6d; (B[0;1m[30m[40mS(B[0m[34m[40m ; (B[0;1m[30m[40mS(B[0m[34m[40m ; (B[0;1m[30m[40mS(B[0m[34m[40m ; (B[0;1m[30m[40mS(B[0m[34m[40m ; (B[0;1m[30m[40mS(B[0m[34m[40m ; (B[0;1m[30m[40mS(B[0m[34m[40m ; (B[0;1m[30m[40mS(B[0m[34m[40m ; (B[0;1m[30m[40mS(B[0m[34m[40m ; (B[0;1m[30m[40mS(B[0m[34m[40m ; (B[0;1m[30m[40mS(B[0m[34m[40m ; (B[0;1m[30m[40mS(B[0m[34m[40m ; (B[0;1m[30m[40mS(B[0m[34m[40m ; (B[0;1m[30m[40mS(B[0m[34m[40m ; (B[0;1m[30m[40mS(B[0m[34m[40m ; (B[0;1m[30m[40mS(B[0m[34m[40m ; (B[0;1m[30m[40mS(B[0m[34m[40m ; (B[0;1m[30m[40mS(B[0m[34m[40m ; (B[0;1m[30m[40mS(B[0m[34m[40m ; (B[0;1m[30m[40mS(B[0m[34m[40m ; (B[0;1m[30m[40mS[7d(B[0m[34m[40m : . : . : . : . : . : . : . : . : . : . : . : . : . : . : . : . : . : . : . : [8d(B[0;1m[30m[40mX(B[0m[34m[40m ; (B[0;1m[30m[40mX(B[0m[34m[40m ; (B[0;1m[30m[40mX(B[0m[34m[40m ; (B[0;1m[30m[40mX(B[0m[34m[40m ; (B[0;1m[30m[40mX(B[0m[34m[40m ; (B[0;1m[30m[40mX(B[0m[34m[40m ; (B[0;1m[30m[40mX(B[0m[34m[40m ; (B[0;1m[30m[40mX(B[0m[34m[40m ; (B[0;1m[30m[40mX(B[0m[34m[40m ; (B[0;1m[30m[40mX(B[0m[34m[40m ; (B[0;1m[30m[40mX(B[0m[34m[40m ; (B[0;1m[30m[40mX(B[0m[34m[40m ; (B[0;1m[30m[40mX(B[0m[34m[40m ; (B[0;1m[30m[40mX(B[0m[34m[40m ; (B[0;1m[30m[40mX(B[0m[34m[40m ; (B[0;1m[30m[40mX(B[0m[34m[40m ; (B[0;1m[30m[40mX(B[0m[34m[40m ; (B[0;1m[30m[40mX(B[0m[34m[40m ; (B[0;1m[30m[40mX(B[0m[34m[40m ; (B[0;1m[30m[40mX(B[0m[34m[40m ;[9d   .   .   .   .   .   .   .   .   .   .   .   .   .   .   .   .   .   .   .   [10d; (B[0;1m[30m[40mS(B[0m[34m[40m ; (B[0;1m[30m[40mS(B[0m[34m[40m ; (B[0;1m[30m[40mS(B[0m[34m[40m ; (B[0;1m[30m[40mS(B[0m[34m[40m ; (B[0;1m[30m[40mS(B[0m[34m[40m ; (B[0;1m[30m[40mS(B[0m[34m[40m ; (B[0;1m[30m[40mS(B[0m[34m[40m ; (B[0;1m[30m[40mS(B[0m[34m[40m ; (B[0;1m[30m[40mS(B[0m[34m[40m ; (B[0;1m[30m[40mS(B[0m[34m[40m ; (B[0;1m[30m[40mS(B[0m[34m[40m ; (B[0;1m[30m[40mS(B[0m[34m[40m ; (B[0;1m[30m[40mS(B[0m[34m[40m ; (B[0;1m[30m[40mS(B[0m[34m[40m ; (B[0;1m[30m[40mS(B[0m[34m[40m ; (B[0;1m[30m[40mS(B[0m[34m[40m ; (B[0;1m[30m[40mS(B[0m[34m[40m ; (B[0;1m[30m[40mS(B[0m[34m[40m ; (B[0;1m[30m[40mS(B[0m[34m[40m ; (B[0;1m[30m[40mS[11d(B[0m[34m[40m : . : . : . : . : . : . : . : . : . : . : . : . : . : . : . : . : . : . : . : [12d(B[0;1m[30m[40mX(B[0m[34m[40m ; (B[0;1m[30m[40mX(B[0m[34m[40m ; (B[0;1m[30m[40mX(B[0m[34m[40m ; (B[0;1m[30m[40mX(B[0m[34m[40m ; (B[0;1m[30m[40mX(B[0m[34m[40m ; (B[0;1m[30m[40mX(B[0m[34m[40m ; (B[0;1m[30m[40mX(B[0m[34m[40m ; (B[0;1m[30m[40mX(B[0m[34m[40m ; (B[0;1m[30m[40mX(B[0m[34m[40m ; (B[0;1m[30m[40mX(B[0m[34m[40m ; (B[0;1m[30m[40mX(B[0m[34m[40m ; (B[0;1m[30m[40mX(B[0m[34m[40m ; (B[0;1m[30m[40mX(B[0m[34m[40m ; (B[0;1m[30m[40mX(B[0m[34m[40m ; (B[0;1m[30m[40mX(B[0m[34m[40m ; (B[0;1m[30m[40mX(B[0m[34m[40m ; (B[0;1m[30m[40mX(B[0m[34m[40m ; (B[0;1m[30m[40mX(B[0m[34m[40m ; (B[0;1m[30m[40mX(B[0m[34m[40m ; (B[0;1m[30m[40mX(B[0m[34m[40m ;[13d   .   .   .   .   .   .   .   .   .   .   .   .   .   .   .   .   .   .   .   [14d; (B[0;1m[30m[40mS(B[0m[34m[40m ; (B[0;1m[30m[40mS(B[0m[34m[40m ; (B[0;1m[30m[40mS(B[0m[34m[40m ; (B[0;1m[30m[40mS(B[0m[34m[40m ; (B[0;1m[30m[40mS(B[0m[34m[40m ; (B[0;1m[30m[40mS(B[0m[34m[40m ; (B[0;1m[30m[40mS(B[0m[34m[40m ; (B[0;1m[30m[40mS(B[0m[34m[40m ; (B[0;1m[30m[40mS(B[0m[34m[40m ; (B[0;1m[30m[40mS(B[0m[34m[40m ; (B[0;1m[30m[40mS(B[0m[34m[40m ; (B[0;1m[30m[40mS(B[0m[34m[40m ; (B[0;1m[30m[40mS(B[0m[34m[40m ; (B[0;1m[30m[40mS(B[0m[34m[40m ; (B[0;1m[30m[40mS(B[0m[34m[40m ; (B[0;1m[30m[40mS(B[0m[34m[40m ; (B[0;1m[30m[40mS(B[0m[34m[40m ; (B[0;1m[30m[40mS(B[0m[34m[40m ; (B[0;1m[30m[40mS(B[0m[34m[40m ; (B[0;1m[30m[40mS[15d(B[0m[34m[40m : . : . : . : . : . : . : . : . : . : . : . : . : . : . : . : . : . : . : . : [16d(B[0;1m[30m[40mX(B[0m[34m[40m ; (B[0;1m[30m[40mX(B[0m[34m[40m ; (B[0;1m[30m[40mX(B[0m[34m[40m ; (B[0;1m[30m[40mX(B[0m[34m[40m ; (B[0;1m[30m[40mX(B[0m[34m[40m ; (B[0;1m[30m[40mX(B[0m[34m[40m ; (B[0;1m[30m[40mX(B[0m[34m[40m ; (B[0;1m[30m[40mX(B[0m[34m[40m ; (B[0;1m[30m[40mX(B[0m[34m[40m ; (B[0;1m[30m[40mX(B[0m[34m[40m ; (B[0;1m[30m[40mX(B[0m[34m[40m ; (B[0;1m[30m[40mX(B[0m[34m[40m ; (B[0;1m[30m[40mX(B[0m[34m[40m ; (B[0;1m[30m[40mX(B[0m[34m[40m ; (B[0;1m[30m[40mX(B[0m[34m[40m ; (B[0;1m[30m[40mX(B[0m[34m[40m ; (B[0;1m[30m[40mX(B[0m[34m[40m ; (B[0;1m[30m[40mX(B[0m[34m[40m ; (B[0;1m[30m[40mX(B[0m[34m[40m ; (B[0;1m[30m[40mX(B[0m[34m[40m ;[17d   .   .   .   .   .   .   .   .   .   .   .   .   .   .   .   .   .   .   .   [18d; (B[0;1m[30m[40mS(B[0m[34m[40m ; (B[0;1m[30m[40mS(B[0m[34m[40m ; (B[0;1m[30m[40mS(B[0m[34m[40m ; (B[0;1m[30m[40mS(B[0m[34m[40m ; (B[0;1m[30m[40mS(B[0m[34m[40m ; (B[0;1m[30m[40mS(B[0m[34m[40m ; (B[0;1m[30m[40mS(B[0m[34m[40m ; (B[0;1m[30m[40mS(B[0m[34m[40m ; (B[0;1m[30m[40mS(B[0m[34m[40m ; (B[0;1m[30m[40mS(B[0m[34m[40m ; (B[0;1m[30m[40mS(B[0m[34m[40m ; (B[0;1m[30m[40mS(B[0m[34m[40m ; (B[0;1m[30m[40mS(B[0m[34m[40m ; (B[0;1m[30m[40mS(B[0m[34m[40m ; (B[0;1m[30m[40mS(B[0m[34m[40m ; (B[0;1m[30m[40mS(B[0m[34m[40m ; (B[0;1m[30m[40mS(B[0m[34m[40m ; (B[0;1m[30m[40mS(B[0m[34m[40m ; (B[0;1m[30m[40mS(B[0m[34m[40m ; (B[0;1m[30m[40mS[19d(B[0m[34m[40m : . : . : . : . : . : . : . : . : . : . : . : . : . : . : . : . : . : . : . : [20d(B[0;1m[30m[40mX(B[0m[34m[40m ; (B[0;1m[30m[40mX(B[0m[34m[40m ; (B[0;1m[30m[40mX(B[0m[34m[40m ; (B[0;1m[30m[40mX(B[0m[34m[40m ; (B[0;1m[30m[40mX(B[0m[34m[40m ; (B[0;1m[30m[40mX(B[0m[34m[40m ; (B[0;1m[30m[40mX(B[0m[34m[40m ; (B[0;1m[30m[40mX(B[0m[34m[40m ; (B[0;1m[30m[40mX(B[0m[34m[40m ; (B[0;1m[30m[40mX(B[0m[34m[40m ; (B[0;1m[30m[40mX(B[0m[34m[40m ; (B[0;1m[30m[40mX(B[0m[34m[40m ; (B[0;1m[30m[40mX(B[0m[34m[40m ; (B[0;1m[30m[40mX(B[0m[34m[40m ; (B[0;1m[30m[40mX(B[0m[34m[40m ; (B[0;1m[30m[40mX(B[0m[34m[40m ; (B[0;1m[30m[40mX(B[0m[34m[40m ; (B[0;1m[30m[40mX(B[0m[34m[40m ; (B[0;1m[30m[40mX(B[0m[34m[40m ; (B[0;1m[30m[40mX(B[0m[34m[40m ;[21d   .   .   .   .   .   .   .   .   .   .   .   .   .   .   .   .   .   .   .   [22d; (B[0;1m[30m[40mS(B[0m[34m[40m ; (B[0;1m[30m[40mS(B[0m[34m[40m ; (B[0;1m[30m[40mS(B[0m[34m[40m ; (B[0;1m[30m[40mS(B[0m[34m[40m ; (B[0;1m[30m[40mS(B[0m[34m[40m ; (B[0;1m[30m[40mS(B[0m[34m[40m ; (B[0;1m[30m[40mS(B[0m[34m[40m ; (B[0;1m[30m[40mS(B[0m[34m[40m ; (B[0;1m[30m[40mS(B[0m[34m[40m ; (B[0;1m[30m[40mS(B[0m[34m[40m ; (B[0;1m[30m[40mS(B[0m[34m[40m ; (B[0;1m[30m[40mS(B[0m[34m[40m ; (B[0;1m[30m[40mS(B[0m[34m[40m ; (B[0;1m[30m[40mS(B[0m[34m[40m ; (B[0;1m[30m[40mS(B[0m[34m[40m ; (B[0;1m[30m[40mS(B[0m[34m[40m ; (B[0;1m[30m[40mS(B[0m[34m[40m ; (B[0;1m[30m[40mS(B[0m[34m[40m ; (B[0;1m[30m[40mS(B[0m[34m[40m ; (B[0;1m[30m[40mS[23d(B[0m[34m[40m : . : . : . : . : . : . : . : . : . : . : . : . : . : . : . : . : . : . : . : [H(B[m[39;49m[37m[40m(B[0;1m[30m[40mS(B[0m[32m[40m:(B[m[39;49m[37m[40mmain          | Video Mode: 640 x 480 @ 8 bpp

PANIC in main() of atris.c:
	You need >256 colors to play atris

libc error  22| Invalid argument
SDL error     | 
]0;[?1000l[?12l[?25h[39;49m[24d[K[24;1H[?1049l[?1l>