phpinfo()
PHP Version => 5.2.1

System => Linux wv7991 3.16.0-45-generic #60~14.04.1-Ubuntu SMP Fri Jul 24 21:16:23 UTC 2015 x86_64
Build Date => Aug 21 2016 15:14:03
Configure Command =>  './configure' '--host=i386-pc-linux-gnu'
Server API => Command Line Interface
Virtual Directory Support => disabled
Configuration File (php.ini) Path => /usr/local/lib
PHP API => 20041225
PHP Extension => 20060613
Zend Extension => 220060519
Debug Build => no
Thread Safety => disabled
Zend Memory Manager => enabled
IPv6 Support => enabled
Registered PHP Streams => php, file, data, http, ftp  
Registered Stream Socket Transports => tcp, udp, unix, udg
Registered Stream Filters => string.rot13, string.toupper, string.tolower, string.strip_tags, convert.*, consumed, convert.iconv.*


This program makes use of the Zend Scripting Language Engine:
Zend Engine v2.2.0, Copyright (c) 1998-2007 Zend Technologies


 _______________________________________________________________________


Configuration

PHP Core

Directive => Local Value => Master Value
allow_call_time_pass_reference => On => On
allow_url_fopen => On => On
allow_url_include => Off => Off
always_populate_raw_post_data => Off => Off
arg_separator.input => & => &
arg_separator.output => & => &
asp_tags => Off => Off
auto_append_file => no value => no value
auto_globals_jit => On => On
auto_prepend_file => no value => no value
browscap => no value => no value
default_charset => no value => no value
default_mimetype => text/html => text/html
define_syslog_variables => Off => Off
disable_classes => no value => no value
disable_functions => no value => no value
display_errors => On => On
display_startup_errors => Off => Off
doc_root => no value => no value
docref_ext => no value => no value
docref_root => no value => no value
enable_dl => On => On
error_append_string => no value => no value
error_log => no value => no value
error_prepend_string => no value => no value
error_reporting => no value => no value
expose_php => On => On
extension_dir => /usr/local/lib/php/extensions/no-debug-non-zts-20060613 => /usr/local/lib/php/extensions/no-debug-non-zts-20060613
file_uploads => On => On
highlight.bg => <font style="color: #FFFFFF">#FFFFFF</font> => <font style="color: #FFFFFF">#FFFFFF</font>
highlight.comment => <font style="color: #FF8000">#FF8000</font> => <font style="color: #FF8000">#FF8000</font>
highlight.default => <font style="color: #0000BB">#0000BB</font> => <font style="color: #0000BB">#0000BB</font>
highlight.html => <font style="color: #000000">#000000</font> => <font style="color: #000000">#000000</font>
highlight.keyword => <font style="color: #007700">#007700</font> => <font style="color: #007700">#007700</font>
highlight.string => <font style="color: #DD0000">#DD0000</font> => <font style="color: #DD0000">#DD0000</font>
html_errors => Off => Off
ignore_repeated_errors => Off => Off
ignore_repeated_source => Off => Off
ignore_user_abort => Off => Off
implicit_flush => On => On
include_path => .:/usr/local/lib/php => .:/usr/local/lib/php
log_errors => Off => Off
log_errors_max_len => 1024 => 1024
magic_quotes_gpc => On => On
magic_quotes_runtime => Off => Off
magic_quotes_sybase => Off => Off
mail.force_extra_parameters => no value => no value
max_execution_time => 0 => 0
max_input_time => -1 => -1
memory_limit => 128M => 128M
open_basedir => no value => no value
output_buffering => 0 => 0
output_handler => no value => no value
post_max_size => 8M => 8M
precision => 14 => 14
realpath_cache_size => 16K => 16K
realpath_cache_ttl => 120 => 120
register_argc_argv => On => On
register_globals => Off => Off
register_long_arrays => On => On
report_memleaks => On => On
report_zend_debug => Off => Off
safe_mode => Off => Off
safe_mode_exec_dir => /usr/local/php/bin => /usr/local/php/bin
safe_mode_gid => Off => Off
safe_mode_include_dir => no value => no value
sendmail_from => no value => no value
