    red:
      min: 107 (0.419608)
      max: 148 (0.580392)
      mean: 116.974 (0.45872)
      standard deviation: 13.2703 (0.0520405)
      kurtosis: -0.468809
