      min: 107 (0.419608)
      max: 148 (0.580392)
      mean: 127.02 (0.498116)
      standard deviation: 20.4944 (0.0803701)
      kurtosis: -1.9978
      skewness: 0.0468879
