NAME VERSION. Secure encryption and decryption of files and streams.

Usage: NAME [mode] [options] [file...]
       NAMEENCRYPT [options] [file...]
       NAMEDECRYPT [options] [file...]
       NAMECAT [options] file...

Modes:
    -e, --encrypt          encrypt
    -d, --decrypt          decrypt
    -c, --cat              cat; decrypt files to stdout
    -x, --keychange        change key
    -u, --unixcrypt        decrypt old unix crypt files

Options:
    -h, --help             print this help message and exit
    -V, --version          print version info and exit
    -L, --license          print license info and exit
    -v, --verbose          print progress information to stderr
    -q, --quiet            run quietly; suppress warnings
    -f, --force            overwrite existing files without asking
    -m, --mismatch         allow decryption with non-matching key
    -E, --envvar var       read keyword from environment variable var (unsafe)
    -K, --key key          give keyword on command line (unsafe)
    -k, --keyfile file     read keyword(s) as first line(s) from file
    -S, --suffix .suf      use suffix .suf instead of default .cpt
    -P, --prompt prompt    use prompt instead of "Enter key: "
    -t, --timid            prompt twice for destructive encryption keys
    -r, --recursive        recurse through directories
    -R, --rec-symlinks     follow symbolic links as subdirectories
    -l, --symlinks         dereference symbolic links
    --                     end of options, filenames follow
