*** Testing open_basedir configuration [readlink] ***
bool(true)
bool(true)
bool(true)
bool(true)

Warning: symlink(): Protocol error in /vagrant/benchmarks/php-bug-2011-01-09-7c6310852e-478e5d1dd0/php/tests/security/open_basedir_readlink.php on line 10
bool(false)

Warning: readlink(): No such file or directory in /vagrant/benchmarks/php-bug-2011-01-09-7c6310852e-478e5d1dd0/php/tests/security/open_basedir_readlink.php on line 14
bool(false)

Warning: readlink(): No such file or directory in /vagrant/benchmarks/php-bug-2011-01-09-7c6310852e-478e5d1dd0/php/tests/security/open_basedir_readlink.php on line 15
bool(false)

Warning: readlink(): No such file or directory in /vagrant/benchmarks/php-bug-2011-01-09-7c6310852e-478e5d1dd0/php/tests/security/open_basedir_readlink.php on line 16
bool(false)

Warning: readlink(): No such file or directory in /vagrant/benchmarks/php-bug-2011-01-09-7c6310852e-478e5d1dd0/php/tests/security/open_basedir_readlink.php on line 17
bool(false)

Warning: readlink(): No such file or directory in /vagrant/benchmarks/php-bug-2011-01-09-7c6310852e-478e5d1dd0/php/tests/security/open_basedir_readlink.php on line 18
bool(false)

Warning: symlink(): Protocol error in /vagrant/benchmarks/php-bug-2011-01-09-7c6310852e-478e5d1dd0/php/tests/security/open_basedir_readlink.php on line 22
bool(false)

Warning: readlink(): No such file or directory in /vagrant/benchmarks/php-bug-2011-01-09-7c6310852e-478e5d1dd0/php/tests/security/open_basedir_readlink.php on line 23
bool(false)

Warning: unlink(/vagrant/benchmarks/php-bug-2011-01-09-7c6310852e-478e5d1dd0/php/test/ok/symlink.txt): No such file or directory in /vagrant/benchmarks/php-bug-2011-01-09-7c6310852e-478e5d1dd0/php/tests/security/open_basedir_readlink.php on line 24
bool(false)
*** Finished testing open_basedir configuration [readlink] ***