*** Testing open_basedir configuration [unlink] ***
bool(true)
bool(true)
bool(true)
bool(true)
bool(true)
bool(true)

Warning: unlink(.././bad/bad.txt): No such file or directory in /vagrant/benchmarks/php-bug-2011-01-09-7c6310852e-478e5d1dd0/php/tests/security/open_basedir_unlink.php on line 7
bool(false)

Warning: unlink(../bad/../bad/bad.txt): No such file or directory in /vagrant/benchmarks/php-bug-2011-01-09-7c6310852e-478e5d1dd0/php/tests/security/open_basedir_unlink.php on line 8
bool(false)

Warning: unlink(./.././bad/bad.txt): No such file or directory in /vagrant/benchmarks/php-bug-2011-01-09-7c6310852e-478e5d1dd0/php/tests/security/open_basedir_unlink.php on line 9
bool(false)

Warning: unlink(/vagrant/benchmarks/php-bug-2011-01-09-7c6310852e-478e5d1dd0/php/test/bad/bad.txt): No such file or directory in /vagrant/benchmarks/php-bug-2011-01-09-7c6310852e-478e5d1dd0/php/tests/security/open_basedir_unlink.php on line 10
bool(false)
*** Finished testing open_basedir configuration [unlink] ***